number 1
number 2
number 3
string 20
string 40
function 1
