3
false Error: attempt to perform arithmetic on a string value
